// Jest Snapshot v1, https://goo.gl/fbAQLP

exports[`Snapshottest Menu 1`] = `
<div
  className="Menu"
  style={
    Object {
      "backgroundColor": "#d64550",
    }
  }
>
  <ul
    className="Header_Menu"
  >
    <li>
      <button
        className="btn"
        id="Tropical"
        onClick={[Function]}
        style={
          Object {
            "backgroundColor": "#d64550",
          }
        }
      >
        Tropical
      </button>
    </li>
    <li>
      <button
        className="btn"
        id="Disco"
        onClick={[Function]}
        style={
          Object {
            "backgroundColor": "#d64550",
          }
        }
      >
        Disco
      </button>
    </li>
    <li>
      <button
        className="btn"
        id="Royal"
        onClick={[Function]}
        style={
          Object {
            "backgroundColor": "#d64550",
          }
        }
      >
        Royal
      </button>
    </li>
  </ul>
</div>
`;
